// Jest Snapshot v1, https://goo.gl/fbAQLP

exports[`should render Feed correctly 1`] = `
<nav
  className="navbar navbar-expand-lg navbar-light bg-light"
>
  <a
    className="navbar-brand"
    href="#"
  >
    Chitter
  </a>
  <button
    aria-controls="navbarNav"
    aria-expanded="false"
    aria-label="Toggle navigation"
    className="navbar-toggler"
    data-target="#navbarNav"
    data-toggle="collapse"
    type="button"
  >
    <span
      className="navbar-toggler-icon"
    />
  </button>
  <div
    className="collapse navbar-collapse"
    id="navbarNav"
  >
    <ul
      className="navbar-nav"
    >
      <li
        className="nav-item active"
      >
        <a
          className="nav-link"
          href="#"
        >
          Home 
          <span
            className="sr-only"
          >
            (current)
          </span>
        </a>
      </li>
      <li
        className="nav-item"
      >
        <a
          className="nav-link"
          href="#"
        >
          Features
        </a>
      </li>
      <li
        className="nav-item"
      >
        <a
          className="nav-link"
          href="#"
        >
          Pricing
        </a>
      </li>
      <li
        className="nav-item"
      >
        <a
          className="nav-link disabled"
          href="#"
        >
          Disabled
        </a>
      </li>
    </ul>
  </div>
</nav>
`;
