// Jest Snapshot v1, https://goo.gl/fbAQLP

exports[`should render HomePage correctly 1`] = `
<div
  className="container"
>
  <h1>
    Chitter
  </h1>
  <Connect(PeepForm) />
  <Connect(Feed) />
</div>
`;
